class ::<root> < ::Object () @ (https://github.com/sorbet/sorbet/tree/master/bazel-out/host/genfiles/rbi/procs.rbi#L1, https://github.com/sorbet/sorbet/tree/master/rbi/core/constants.rbi#L3, https://github.com/sorbet/sorbet/tree/master/rbi/core/encoding.rbi#L3, https://github.com/sorbet/sorbet/tree/master/rbi/core/enumerator.rbi#L3, https://github.com/sorbet/sorbet/tree/master/rbi/core/errno.rbi#L3, https://github.com/sorbet/sorbet/tree/master/rbi/core/errors.rbi#L3, https://github.com/sorbet/sorbet/tree/master/rbi/core/file.rbi#L3, https://github.com/sorbet/sorbet/tree/master/rbi/core/fixnum.rbi#L3, https://github.com/sorbet/sorbet/tree/master/rbi/core/gc.rbi#L3, https://github.com/sorbet/sorbet/tree/master/rbi/core/io.rbi#L3, https://github.com/sorbet/sorbet/tree/master/rbi/core/math.rbi#L3, https://github.com/sorbet/sorbet/tree/master/rbi/core/process.rbi#L3, https://github.com/sorbet/sorbet/tree/master/rbi/core/random.rbi#L3, https://github.com/sorbet/sorbet/tree/master/rbi/core/ruby_vm.rbi#L3, https://github.com/sorbet/sorbet/tree/master/rbi/core/thread.rbi#L3, https://github.com/sorbet/sorbet/tree/master/rbi/gems/chalk.rbi#L4, https://github.com/sorbet/sorbet/tree/master/rbi/gems/didyoumean.rbi#L2, https://github.com/sorbet/sorbet/tree/master/rbi/gems/msgpack.rbi#L6, https://github.com/sorbet/sorbet/tree/master/rbi/gems/stringscanner.rbi#L2, https://github.com/sorbet/sorbet/tree/master/rbi/sorbet/builder.rbi#L2, https://github.com/sorbet/sorbet/tree/master/rbi/sorbet/sorbet.rbi#L2, https://github.com/sorbet/sorbet/tree/master/rbi/sorbet/stdlib.rbi#L4, https://github.com/sorbet/sorbet/tree/master/rbi/sorbet/t.rbi#L2, https://github.com/sorbet/sorbet/tree/master/rbi/stdlib/benchmark.rbi#L3, https://github.com/sorbet/sorbet/tree/master/rbi/stdlib/cgi.rbi#L3, https://github.com/sorbet/sorbet/tree/master/rbi/stdlib/csv.rbi#L3, https://github.com/sorbet/sorbet/tree/master/rbi/stdlib/date.rbi#L3, https://github.com/sorbet/sorbet/tree/master/rbi/stdlib/delegator.rbi#L3, https://github.com/sorbet/sorbet/tree/master/rbi/stdlib/digest.rbi#L3, https://github.com/sorbet/sorbet/tree/master/rbi/stdlib/dir.rbi#L6, https://github.com/sorbet/sorbet/tree/master/rbi/stdlib/erb.rbi#L3, https://github.com/sorbet/sorbet/tree/master/rbi/stdlib/etc.rbi#L3, https://github.com/sorbet/sorbet/tree/master/rbi/stdlib/fileutils.rbi#L3, https://github.com/sorbet/sorbet/tree/master/rbi/stdlib/forwardable.rbi#L3, https://github.com/sorbet/sorbet/tree/master/rbi/stdlib/gem.rbi#L3, https://github.com/sorbet/sorbet/tree/master/rbi/stdlib/json.rbi#L3, https://github.com/sorbet/sorbet/tree/master/rbi/stdlib/logger.rbi#L3, https://github.com/sorbet/sorbet/tree/master/rbi/stdlib/monitor.rbi#L3, https://github.com/sorbet/sorbet/tree/master/rbi/stdlib/net.rbi#L6, https://github.com/sorbet/sorbet/tree/master/rbi/stdlib/objspace.rbi#L3, https://github.com/sorbet/sorbet/tree/master/rbi/stdlib/openssl.rbi#L6, https://github.com/sorbet/sorbet/tree/master/rbi/stdlib/pp.rbi#L3, https://github.com/sorbet/sorbet/tree/master/rbi/stdlib/racc.rbi#L3, https://github.com/sorbet/sorbet/tree/master/rbi/stdlib/set.rbi#L3, https://github.com/sorbet/sorbet/tree/master/rbi/stdlib/socket.rbi#L3, https://github.com/sorbet/sorbet/tree/master/rbi/stdlib/stringio.rbi#L3, https://github.com/sorbet/sorbet/tree/master/rbi/stdlib/timeout.rbi#L3, https://github.com/sorbet/sorbet/tree/master/rbi/stdlib/tsort.rbi#L3, https://github.com/sorbet/sorbet/tree/master/rbi/stdlib/uri.rbi#L3, https://github.com/sorbet/sorbet/tree/master/rbi/stdlib/webrick.rbi#L3)
  class ::CCCCCCCCC < ::Object () @ test/cli/cache-keeps-print-options/cache-keeps-print-options.rb:1
  class ::<Class:CCCCCCCCC> < ::<Class:Object> () @ test/cli/cache-keeps-print-options/cache-keeps-print-options.rb:1
    method ::<Class:CCCCCCCCC>#<static-init> (<blk>) @ test/cli/cache-keeps-print-options/cache-keeps-print-options.rb:1
      argument <blk><block> @ Loc {file=test/cli/cache-keeps-print-options/cache-keeps-print-options.rb start=??? end=???}

class ::<root> < ::Object () @ (https://github.com/sorbet/sorbet/tree/master/bazel-out/host/genfiles/rbi/procs.rbi#L1, https://github.com/sorbet/sorbet/tree/master/rbi/core/constants.rbi#L3, https://github.com/sorbet/sorbet/tree/master/rbi/core/encoding.rbi#L3, https://github.com/sorbet/sorbet/tree/master/rbi/core/enumerator.rbi#L3, https://github.com/sorbet/sorbet/tree/master/rbi/core/errno.rbi#L3, https://github.com/sorbet/sorbet/tree/master/rbi/core/errors.rbi#L3, https://github.com/sorbet/sorbet/tree/master/rbi/core/file.rbi#L3, https://github.com/sorbet/sorbet/tree/master/rbi/core/fixnum.rbi#L3, https://github.com/sorbet/sorbet/tree/master/rbi/core/gc.rbi#L3, https://github.com/sorbet/sorbet/tree/master/rbi/core/io.rbi#L3, https://github.com/sorbet/sorbet/tree/master/rbi/core/math.rbi#L3, https://github.com/sorbet/sorbet/tree/master/rbi/core/process.rbi#L3, https://github.com/sorbet/sorbet/tree/master/rbi/core/random.rbi#L3, https://github.com/sorbet/sorbet/tree/master/rbi/core/ruby_vm.rbi#L3, https://github.com/sorbet/sorbet/tree/master/rbi/core/thread.rbi#L3, https://github.com/sorbet/sorbet/tree/master/rbi/gems/chalk.rbi#L4, https://github.com/sorbet/sorbet/tree/master/rbi/gems/didyoumean.rbi#L2, https://github.com/sorbet/sorbet/tree/master/rbi/gems/msgpack.rbi#L6, https://github.com/sorbet/sorbet/tree/master/rbi/gems/stringscanner.rbi#L2, https://github.com/sorbet/sorbet/tree/master/rbi/sorbet/builder.rbi#L2, https://github.com/sorbet/sorbet/tree/master/rbi/sorbet/sorbet.rbi#L2, https://github.com/sorbet/sorbet/tree/master/rbi/sorbet/stdlib.rbi#L4, https://github.com/sorbet/sorbet/tree/master/rbi/sorbet/t.rbi#L2, https://github.com/sorbet/sorbet/tree/master/rbi/stdlib/benchmark.rbi#L3, https://github.com/sorbet/sorbet/tree/master/rbi/stdlib/cgi.rbi#L3, https://github.com/sorbet/sorbet/tree/master/rbi/stdlib/csv.rbi#L3, https://github.com/sorbet/sorbet/tree/master/rbi/stdlib/date.rbi#L3, https://github.com/sorbet/sorbet/tree/master/rbi/stdlib/delegator.rbi#L3, https://github.com/sorbet/sorbet/tree/master/rbi/stdlib/digest.rbi#L3, https://github.com/sorbet/sorbet/tree/master/rbi/stdlib/dir.rbi#L6, https://github.com/sorbet/sorbet/tree/master/rbi/stdlib/erb.rbi#L3, https://github.com/sorbet/sorbet/tree/master/rbi/stdlib/etc.rbi#L3, https://github.com/sorbet/sorbet/tree/master/rbi/stdlib/fileutils.rbi#L3, https://github.com/sorbet/sorbet/tree/master/rbi/stdlib/forwardable.rbi#L3, https://github.com/sorbet/sorbet/tree/master/rbi/stdlib/gem.rbi#L3, https://github.com/sorbet/sorbet/tree/master/rbi/stdlib/json.rbi#L3, https://github.com/sorbet/sorbet/tree/master/rbi/stdlib/logger.rbi#L3, https://github.com/sorbet/sorbet/tree/master/rbi/stdlib/monitor.rbi#L3, https://github.com/sorbet/sorbet/tree/master/rbi/stdlib/net.rbi#L6, https://github.com/sorbet/sorbet/tree/master/rbi/stdlib/objspace.rbi#L3, https://github.com/sorbet/sorbet/tree/master/rbi/stdlib/openssl.rbi#L6, https://github.com/sorbet/sorbet/tree/master/rbi/stdlib/pp.rbi#L3, https://github.com/sorbet/sorbet/tree/master/rbi/stdlib/racc.rbi#L3, https://github.com/sorbet/sorbet/tree/master/rbi/stdlib/set.rbi#L3, https://github.com/sorbet/sorbet/tree/master/rbi/stdlib/socket.rbi#L3, https://github.com/sorbet/sorbet/tree/master/rbi/stdlib/stringio.rbi#L3, https://github.com/sorbet/sorbet/tree/master/rbi/stdlib/timeout.rbi#L3, https://github.com/sorbet/sorbet/tree/master/rbi/stdlib/tsort.rbi#L3, https://github.com/sorbet/sorbet/tree/master/rbi/stdlib/uri.rbi#L3, https://github.com/sorbet/sorbet/tree/master/rbi/stdlib/webrick.rbi#L3)
  class ::CCCCCCCCC < ::Object () @ test/cli/cache-keeps-print-options/cache-keeps-print-options.rb:1
  class ::<Class:CCCCCCCCC> < ::<Class:Object> () @ test/cli/cache-keeps-print-options/cache-keeps-print-options.rb:1
    method ::<Class:CCCCCCCCC>#<static-init> (<blk>) @ test/cli/cache-keeps-print-options/cache-keeps-print-options.rb:1
      argument <blk><block> @ Loc {file=test/cli/cache-keeps-print-options/cache-keeps-print-options.rb start=??? end=???}

class <emptyTree>::<C CCCCCCCCC><<C <todo sym>>> < (::<todo sym>)
  <emptyTree>
end
class <emptyTree>::<C CCCCCCCCC><<C <todo sym>>> < (::<todo sym>)
  <emptyTree>
end
class <emptyTree>::<C CCCCCCCCC><<C <todo sym>>> < (::<todo sym>)
  <emptyTree>
end
class <emptyTree>::<C CCCCCCCCC><<C <todo sym>>> < (::<todo sym>)
  <emptyTree>
end
class <emptyTree>::<C CCCCCCCCC><<C <todo sym>>> < (::<todo sym>)
  <emptyTree>
end
class <emptyTree>::<C CCCCCCCCC><<C <todo sym>>> < (::<todo sym>)
  <emptyTree>
end
