test/cli/suggest-not-stub/suggest-not-stub.rb:3: Unable to resolve constant `B` https://srb.help/5002
     3 |  B
          ^

test/cli/suggest-not-stub/suggest-not-stub.rb:6: Unable to resolve constant `B` https://srb.help/5002
     6 |B
        ^
    test/cli/suggest-not-stub/suggest-not-stub.rb:2: Did you mean: `A`?
     2 |class A
        ^^^^^^^
    https://github.com/sorbet/sorbet/tree/master/rbi/sorbet/t.rbi#L26: Did you mean: `T`?
    26 |module T
        ^^^^^^^^
Errors: 2
